2026-09-20 15:30:18,855 INFO    kimi_isac.ml.report: === seed 1000 (1/10) ===
2026-09-20 15:30:21,118 INFO    kimi_isac.ml.report: epoch   1/30 train=1.8315 val=1.8098 lr=1.00e-03 (0.9s)
2026-09-20 15:30:22,122 INFO    kimi_isac.ml.report: epoch   2/30 train=1.6427 val=1.6533 lr=1.00e-03 (1.0s)
2026-09-20 15:30:23,310 INFO    kimi_isac.ml.report: epoch   3/30 train=1.5413 val=1.5284 lr=1.00e-03 (1.2s)
2026-09-20 15:30:24,536 INFO    kimi_isac.ml.report: epoch   4/30 train=1.4623 val=1.4946 lr=1.00e-03 (1.2s)
2026-09-20 15:30:25,760 INFO    kimi_isac.ml.report: epoch   5/30 train=1.3760 val=1.3927 lr=1.00e-03 (1.2s)
2026-09-20 15:30:27,007 INFO    kimi_isac.ml.report: epoch   6/30 train=1.3055 val=1.3188 lr=1.00e-03 (1.2s)
2026-09-20 15:30:28,232 INFO    kimi_isac.ml.report: epoch   7/30 train=1.2051 val=1.2180 lr=1.00e-03 (1.2s)
2026-09-20 15:30:29,592 INFO    kimi_isac.ml.report: epoch   8/30 train=1.1013 val=1.0937 lr=1.00e-03 (1.4s)
2026-09-20 15:30:30,813 INFO    kimi_isac.ml.report: epoch   9/30 train=0.9988 val=1.0182 lr=1.00e-03 (1.2s)
2026-09-20 15:30:32,023 INFO    kimi_isac.ml.report: epoch  10/30 train=0.9095 val=0.9515 lr=1.00e-03 (1.2s)
2026-09-20 15:30:33,237 INFO    kimi_isac.ml.report: epoch  11/30 train=0.8444 val=0.9129 lr=1.00e-03 (1.2s)
2026-09-20 15:30:34,467 INFO    kimi_isac.ml.report: epoch  12/30 train=0.7995 val=0.8386 lr=1.00e-03 (1.2s)
2026-09-20 15:30:35,680 INFO    kimi_isac.ml.report: epoch  13/30 train=0.7426 val=0.8685 lr=1.00e-03 (1.2s)
2026-09-20 15:30:36,917 INFO    kimi_isac.ml.report: epoch  14/30 train=0.7326 val=0.7891 lr=1.00e-03 (1.2s)
2026-09-20 15:30:38,271 INFO    kimi_isac.ml.report: epoch  15/30 train=0.7129 val=0.8183 lr=1.00e-03 (1.4s)
2026-09-20 15:30:39,645 INFO    kimi_isac.ml.report: epoch  16/30 train=0.6718 val=0.8083 lr=1.00e-03 (1.4s)
2026-09-20 15:30:40,944 INFO    kimi_isac.ml.report: epoch  17/30 train=0.6670 val=0.7607 lr=1.00e-03 (1.3s)
2026-09-20 15:30:42,274 INFO    kimi_isac.ml.report: epoch  18/30 train=0.6561 val=0.7823 lr=1.00e-03 (1.3s)
2026-09-20 15:30:43,371 INFO    kimi_isac.ml.report: epoch  19/30 train=0.6548 val=0.7628 lr=1.00e-03 (1.1s)
2026-09-20 15:30:44,858 INFO    kimi_isac.ml.report: epoch  20/30 train=0.6272 val=0.7794 lr=1.00e-03 (1.5s)
2026-09-20 15:30:46,367 INFO    kimi_isac.ml.report: epoch  21/30 train=0.6303 val=0.7396 lr=1.00e-03 (1.5s)
2026-09-20 15:30:47,729 INFO    kimi_isac.ml.report: epoch  22/30 train=0.6219 val=0.7595 lr=1.00e-03 (1.4s)
2026-09-20 15:30:49,219 INFO    kimi_isac.ml.report: epoch  23/30 train=0.6015 val=0.7491 lr=1.00e-03 (1.5s)
2026-09-20 15:30:50,544 INFO    kimi_isac.ml.report: epoch  24/30 train=0.5954 val=0.7518 lr=1.00e-03 (1.3s)
2026-09-20 15:30:51,800 INFO    kimi_isac.ml.report: epoch  25/30 train=0.5817 val=0.7509 lr=1.00e-04 (1.3s)
2026-09-20 15:30:53,176 INFO    kimi_isac.ml.report: epoch  26/30 train=0.5763 val=0.7480 lr=1.00e-04 (1.4s)
2026-09-20 15:30:54,598 INFO    kimi_isac.ml.report: epoch  27/30 train=0.5892 val=0.7440 lr=1.00e-04 (1.4s)
2026-09-20 15:30:54,598 INFO    kimi_isac.ml.report: early stop at epoch 27 (best 21)
2026-09-20 15:30:55,270 INFO    kimi_isac.ml.report: === seed 1001 (2/10) ===
2026-09-20 15:30:56,557 INFO    kimi_isac.ml.report: epoch   1/30 train=1.7911 val=1.7812 lr=1.00e-03 (1.3s)
2026-09-20 15:30:57,678 INFO    kimi_isac.ml.report: epoch   2/30 train=1.5115 val=1.6213 lr=1.00e-03 (1.1s)
2026-09-20 15:30:58,972 INFO    kimi_isac.ml.report: epoch   3/30 train=1.4276 val=1.5431 lr=1.00e-03 (1.3s)
2026-09-20 15:31:00,282 INFO    kimi_isac.ml.report: epoch   4/30 train=1.3312 val=1.4566 lr=1.00e-03 (1.3s)
2026-09-20 15:31:01,429 INFO    kimi_isac.ml.report: epoch   5/30 train=1.2407 val=1.3665 lr=1.00e-03 (1.1s)
2026-09-20 15:31:02,847 INFO    kimi_isac.ml.report: epoch   6/30 train=1.1632 val=1.2842 lr=1.00e-03 (1.4s)
2026-09-20 15:31:04,257 INFO    kimi_isac.ml.report: epoch   7/30 train=1.0431 val=1.1476 lr=1.00e-03 (1.4s)
2026-09-20 15:31:05,729 INFO    kimi_isac.ml.report: epoch   8/30 train=0.9477 val=1.0705 lr=1.00e-03 (1.5s)
2026-09-20 15:31:07,258 INFO    kimi_isac.ml.report: epoch   9/30 train=0.8434 val=0.9707 lr=1.00e-03 (1.5s)
2026-09-20 15:31:08,925 INFO    kimi_isac.ml.report: epoch  10/30 train=0.7730 val=0.9205 lr=1.00e-03 (1.7s)
2026-09-20 15:31:10,587 INFO    kimi_isac.ml.report: epoch  11/30 train=0.7116 val=0.8533 lr=1.00e-03 (1.7s)
2026-09-20 15:31:12,037 INFO    kimi_isac.ml.report: epoch  12/30 train=0.6713 val=0.8389 lr=1.00e-03 (1.5s)
2026-09-20 15:31:13,408 INFO    kimi_isac.ml.report: epoch  13/30 train=0.6517 val=0.8082 lr=1.00e-03 (1.4s)
2026-09-20 15:31:15,055 INFO    kimi_isac.ml.report: epoch  14/30 train=0.6305 val=0.8238 lr=1.00e-03 (1.6s)
2026-09-20 15:31:16,521 INFO    kimi_isac.ml.report: epoch  15/30 train=0.5933 val=0.7575 lr=1.00e-03 (1.5s)
2026-09-20 15:31:17,825 INFO    kimi_isac.ml.report: epoch  16/30 train=0.5677 val=0.7914 lr=1.00e-03 (1.3s)
2026-09-20 15:31:19,038 INFO    kimi_isac.ml.report: epoch  17/30 train=0.5734 val=0.7471 lr=1.00e-03 (1.2s)
2026-09-20 15:31:20,635 INFO    kimi_isac.ml.report: epoch  18/30 train=0.5571 val=0.7504 lr=1.00e-03 (1.6s)
2026-09-20 15:31:22,087 INFO    kimi_isac.ml.report: epoch  19/30 train=0.5408 val=0.7515 lr=1.00e-03 (1.5s)
2026-09-20 15:31:23,370 INFO    kimi_isac.ml.report: epoch  20/30 train=0.5401 val=0.7377 lr=1.00e-03 (1.3s)
2026-09-20 15:31:24,917 INFO    kimi_isac.ml.report: epoch  21/30 train=0.5213 val=0.7264 lr=1.00e-03 (1.5s)
2026-09-20 15:31:26,289 INFO    kimi_isac.ml.report: epoch  22/30 train=0.5071 val=0.7235 lr=1.00e-03 (1.4s)
2026-09-20 15:31:27,784 INFO    kimi_isac.ml.report: epoch  23/30 train=0.5063 val=0.7281 lr=1.00e-03 (1.5s)
2026-09-20 15:31:29,378 INFO    kimi_isac.ml.report: epoch  24/30 train=0.4899 val=0.7283 lr=1.00e-03 (1.6s)
2026-09-20 15:31:30,891 INFO    kimi_isac.ml.report: epoch  25/30 train=0.4961 val=0.7242 lr=1.00e-03 (1.5s)
2026-09-20 15:31:32,219 INFO    kimi_isac.ml.report: epoch  26/30 train=0.4987 val=0.7276 lr=1.00e-04 (1.3s)
2026-09-20 15:31:33,460 INFO    kimi_isac.ml.report: epoch  27/30 train=0.4803 val=0.7131 lr=1.00e-04 (1.2s)
2026-09-20 15:31:34,812 INFO    kimi_isac.ml.report: epoch  28/30 train=0.4795 val=0.7113 lr=1.00e-04 (1.4s)
2026-09-20 15:31:36,379 INFO    kimi_isac.ml.report: epoch  29/30 train=0.4805 val=0.7096 lr=1.00e-04 (1.6s)
2026-09-20 15:31:37,946 INFO    kimi_isac.ml.report: epoch  30/30 train=0.4727 val=0.7086 lr=1.00e-04 (1.6s)
2026-09-20 15:31:38,481 INFO    kimi_isac.ml.report: === seed 1002 (3/10) ===
2026-09-20 15:31:39,838 INFO    kimi_isac.ml.report: epoch   1/30 train=1.7813 val=1.6303 lr=1.00e-03 (1.4s)
2026-09-20 15:31:41,418 INFO    kimi_isac.ml.report: epoch   2/30 train=1.5615 val=1.5713 lr=1.00e-03 (1.6s)
2026-09-20 15:31:42,984 INFO    kimi_isac.ml.report: epoch   3/30 train=1.5157 val=1.5230 lr=1.00e-03 (1.6s)
2026-09-20 15:31:44,366 INFO    kimi_isac.ml.report: epoch   4/30 train=1.4601 val=1.4500 lr=1.00e-03 (1.4s)
2026-09-20 15:31:46,030 INFO    kimi_isac.ml.report: epoch   5/30 train=1.3761 val=1.3995 lr=1.00e-03 (1.7s)
2026-09-20 15:31:47,586 INFO    kimi_isac.ml.report: epoch   6/30 train=1.3263 val=1.3453 lr=1.00e-03 (1.6s)
2026-09-20 15:31:49,050 INFO    kimi_isac.ml.report: epoch   7/30 train=1.2655 val=1.2694 lr=1.00e-03 (1.5s)
2026-09-20 15:31:50,524 INFO    kimi_isac.ml.report: epoch   8/30 train=1.1524 val=1.2046 lr=1.00e-03 (1.5s)
2026-09-20 15:31:51,752 INFO    kimi_isac.ml.report: epoch   9/30 train=1.0821 val=1.1227 lr=1.00e-03 (1.2s)
2026-09-20 15:31:53,257 INFO    kimi_isac.ml.report: epoch  10/30 train=1.0090 val=1.0576 lr=1.00e-03 (1.5s)
2026-09-20 15:31:54,637 INFO    kimi_isac.ml.report: epoch  11/30 train=0.9476 val=0.9897 lr=1.00e-03 (1.4s)
2026-09-20 15:31:55,789 INFO    kimi_isac.ml.report: epoch  12/30 train=0.8618 val=0.9289 lr=1.00e-03 (1.2s)
2026-09-20 15:31:57,296 INFO    kimi_isac.ml.report: epoch  13/30 train=0.8161 val=0.8830 lr=1.00e-03 (1.5s)
2026-09-20 15:31:58,696 INFO    kimi_isac.ml.report: epoch  14/30 train=0.7559 val=0.8529 lr=1.00e-03 (1.4s)
2026-09-20 15:32:00,120 INFO    kimi_isac.ml.report: epoch  15/30 train=0.7520 val=0.8129 lr=1.00e-03 (1.4s)
2026-09-20 15:32:01,561 INFO    kimi_isac.ml.report: epoch  16/30 train=0.7272 val=0.7961 lr=1.00e-03 (1.4s)
2026-09-20 15:32:03,051 INFO    kimi_isac.ml.report: epoch  17/30 train=0.6946 val=0.7611 lr=1.00e-03 (1.5s)
2026-09-20 15:32:04,356 INFO    kimi_isac.ml.report: epoch  18/30 train=0.6654 val=0.7446 lr=1.00e-03 (1.3s)
2026-09-20 15:32:05,629 INFO    kimi_isac.ml.report: epoch  19/30 train=0.6567 val=0.7376 lr=1.00e-03 (1.3s)
2026-09-20 15:32:06,827 INFO    kimi_isac.ml.report: epoch  20/30 train=0.6563 val=0.7297 lr=1.00e-03 (1.2s)
2026-09-20 15:32:08,257 INFO    kimi_isac.ml.report: epoch  21/30 train=0.6477 val=0.7308 lr=1.00e-03 (1.4s)
2026-09-20 15:32:09,756 INFO    kimi_isac.ml.report: epoch  22/30 train=0.6599 val=0.7098 lr=1.00e-03 (1.5s)
2026-09-20 15:32:11,267 INFO    kimi_isac.ml.report: epoch  23/30 train=0.6636 val=0.7027 lr=1.00e-03 (1.5s)
2026-09-20 15:32:12,777 INFO    kimi_isac.ml.report: epoch  24/30 train=0.6423 val=0.7103 lr=1.00e-03 (1.5s)
2026-09-20 15:32:14,355 INFO    kimi_isac.ml.report: epoch  25/30 train=0.6326 val=0.6849 lr=1.00e-03 (1.6s)
2026-09-20 15:32:15,792 INFO    kimi_isac.ml.report: epoch  26/30 train=0.6203 val=0.6936 lr=1.00e-03 (1.4s)
2026-09-20 15:32:17,255 INFO    kimi_isac.ml.report: epoch  27/30 train=0.6229 val=0.6430 lr=1.00e-03 (1.5s)
2026-09-20 15:32:18,582 INFO    kimi_isac.ml.report: epoch  28/30 train=0.6150 val=0.7138 lr=1.00e-03 (1.3s)
2026-09-20 15:32:19,967 INFO    kimi_isac.ml.report: epoch  29/30 train=0.6089 val=0.6472 lr=1.00e-03 (1.4s)
2026-09-20 15:32:21,434 INFO    kimi_isac.ml.report: epoch  30/30 train=0.5990 val=0.6767 lr=1.00e-03 (1.5s)
2026-09-20 15:32:22,071 INFO    kimi_isac.ml.report: === seed 1003 (4/10) ===
2026-09-20 15:32:23,155 INFO    kimi_isac.ml.report: epoch   1/30 train=1.8296 val=1.7287 lr=1.00e-03 (1.1s)
2026-09-20 15:32:24,517 INFO    kimi_isac.ml.report: epoch   2/30 train=1.6289 val=1.5902 lr=1.00e-03 (1.4s)
2026-09-20 15:32:25,912 INFO    kimi_isac.ml.report: epoch   3/30 train=1.5082 val=1.4785 lr=1.00e-03 (1.4s)
2026-09-20 15:32:27,306 INFO    kimi_isac.ml.report: epoch   4/30 train=1.4094 val=1.4185 lr=1.00e-03 (1.4s)
2026-09-20 15:32:28,351 INFO    kimi_isac.ml.report: epoch   5/30 train=1.3403 val=1.3755 lr=1.00e-03 (1.0s)
2026-09-20 15:32:29,699 INFO    kimi_isac.ml.report: epoch   6/30 train=1.2569 val=1.2860 lr=1.00e-03 (1.3s)
2026-09-20 15:32:31,083 INFO    kimi_isac.ml.report: epoch   7/30 train=1.1546 val=1.1942 lr=1.00e-03 (1.4s)
2026-09-20 15:32:32,523 INFO    kimi_isac.ml.report: epoch   8/30 train=1.0422 val=1.1122 lr=1.00e-03 (1.4s)
2026-09-20 15:32:33,727 INFO    kimi_isac.ml.report: epoch   9/30 train=0.9527 val=1.0122 lr=1.00e-03 (1.2s)
2026-09-20 15:32:34,885 INFO    kimi_isac.ml.report: epoch  10/30 train=0.8889 val=0.9407 lr=1.00e-03 (1.2s)
2026-09-20 15:32:36,310 INFO    kimi_isac.ml.report: epoch  11/30 train=0.8243 val=0.8908 lr=1.00e-03 (1.4s)
2026-09-20 15:32:37,688 INFO    kimi_isac.ml.report: epoch  12/30 train=0.7815 val=0.8330 lr=1.00e-03 (1.4s)
2026-09-20 15:32:39,124 INFO    kimi_isac.ml.report: epoch  13/30 train=0.7472 val=0.8352 lr=1.00e-03 (1.4s)
2026-09-20 15:32:40,522 INFO    kimi_isac.ml.report: epoch  14/30 train=0.7273 val=0.7981 lr=1.00e-03 (1.4s)
2026-09-20 15:32:41,705 INFO    kimi_isac.ml.report: epoch  15/30 train=0.6990 val=0.8049 lr=1.00e-03 (1.2s)
2026-09-20 15:32:42,998 INFO    kimi_isac.ml.report: epoch  16/30 train=0.6837 val=0.7755 lr=1.00e-03 (1.3s)
2026-09-20 15:32:44,269 INFO    kimi_isac.ml.report: epoch  17/30 train=0.6807 val=0.7928 lr=1.00e-03 (1.3s)
2026-09-20 15:32:45,804 INFO    kimi_isac.ml.report: epoch  18/30 train=0.6618 val=0.7660 lr=1.00e-03 (1.5s)
2026-09-20 15:32:47,257 INFO    kimi_isac.ml.report: epoch  19/30 train=0.6489 val=0.7809 lr=1.00e-03 (1.5s)
2026-09-20 15:32:48,469 INFO    kimi_isac.ml.report: epoch  20/30 train=0.6599 val=0.7679 lr=1.00e-03 (1.2s)
2026-09-20 15:32:49,818 INFO    kimi_isac.ml.report: epoch  21/30 train=0.6369 val=0.7410 lr=1.00e-03 (1.3s)
2026-09-20 15:32:51,080 INFO    kimi_isac.ml.report: epoch  22/30 train=0.6172 val=0.7496 lr=1.00e-03 (1.3s)
2026-09-20 15:32:52,316 INFO    kimi_isac.ml.report: epoch  23/30 train=0.6300 val=0.7318 lr=1.00e-03 (1.2s)
2026-09-20 15:32:53,699 INFO    kimi_isac.ml.report: epoch  24/30 train=0.6160 val=0.7441 lr=1.00e-03 (1.4s)
2026-09-20 15:32:55,068 INFO    kimi_isac.ml.report: epoch  25/30 train=0.6090 val=0.7385 lr=1.00e-03 (1.4s)
2026-09-20 15:32:56,673 INFO    kimi_isac.ml.report: epoch  26/30 train=0.6127 val=0.7670 lr=1.00e-03 (1.6s)
2026-09-20 15:32:57,957 INFO    kimi_isac.ml.report: epoch  27/30 train=0.5960 val=0.7175 lr=1.00e-03 (1.3s)
2026-09-20 15:32:59,398 INFO    kimi_isac.ml.report: epoch  28/30 train=0.5974 val=0.7556 lr=1.00e-03 (1.4s)
2026-09-20 15:33:00,880 INFO    kimi_isac.ml.report: epoch  29/30 train=0.5995 val=0.7339 lr=1.00e-03 (1.5s)
2026-09-20 15:33:02,222 INFO    kimi_isac.ml.report: epoch  30/30 train=0.6091 val=0.7449 lr=1.00e-03 (1.3s)
2026-09-20 15:33:02,942 INFO    kimi_isac.ml.report: === seed 1004 (5/10) ===
2026-09-20 15:33:04,435 INFO    kimi_isac.ml.report: epoch   1/30 train=1.8940 val=1.6652 lr=1.00e-03 (1.5s)
2026-09-20 15:33:05,903 INFO    kimi_isac.ml.report: epoch   2/30 train=1.5796 val=1.5811 lr=1.00e-03 (1.5s)
2026-09-20 15:33:07,374 INFO    kimi_isac.ml.report: epoch   3/30 train=1.4545 val=1.5882 lr=1.00e-03 (1.5s)
2026-09-20 15:33:08,789 INFO    kimi_isac.ml.report: epoch   4/30 train=1.3789 val=1.5202 lr=1.00e-03 (1.4s)
2026-09-20 15:33:10,389 INFO    kimi_isac.ml.report: epoch   5/30 train=1.3093 val=1.4499 lr=1.00e-03 (1.6s)
2026-09-20 15:33:11,933 INFO    kimi_isac.ml.report: epoch   6/30 train=1.2222 val=1.3357 lr=1.00e-03 (1.5s)
2026-09-20 15:33:13,450 INFO    kimi_isac.ml.report: epoch   7/30 train=1.1189 val=1.2270 lr=1.00e-03 (1.5s)
2026-09-20 15:33:15,033 INFO    kimi_isac.ml.report: epoch   8/30 train=1.0123 val=1.1401 lr=1.00e-03 (1.6s)
2026-09-20 15:33:16,516 INFO    kimi_isac.ml.report: epoch   9/30 train=0.8943 val=1.0502 lr=1.00e-03 (1.5s)
2026-09-20 15:33:18,151 INFO    kimi_isac.ml.report: epoch  10/30 train=0.8109 val=0.9745 lr=1.00e-03 (1.6s)
2026-09-20 15:33:19,721 INFO    kimi_isac.ml.report: epoch  11/30 train=0.7406 val=0.9088 lr=1.00e-03 (1.6s)
2026-09-20 15:33:21,182 INFO    kimi_isac.ml.report: epoch  12/30 train=0.6972 val=0.8876 lr=1.00e-03 (1.5s)
2026-09-20 15:33:22,560 INFO    kimi_isac.ml.report: epoch  13/30 train=0.6523 val=0.8479 lr=1.00e-03 (1.4s)
2026-09-20 15:33:23,965 INFO    kimi_isac.ml.report: epoch  14/30 train=0.6347 val=0.8257 lr=1.00e-03 (1.4s)
2026-09-20 15:33:25,444 INFO    kimi_isac.ml.report: epoch  15/30 train=0.6195 val=0.8208 lr=1.00e-03 (1.5s)
2026-09-20 15:33:26,830 INFO    kimi_isac.ml.report: epoch  16/30 train=0.6020 val=0.8121 lr=1.00e-03 (1.4s)
2026-09-20 15:33:28,192 INFO    kimi_isac.ml.report: epoch  17/30 train=0.5917 val=0.7810 lr=1.00e-03 (1.4s)
2026-09-20 15:33:29,654 INFO    kimi_isac.ml.report: epoch  18/30 train=0.5748 val=0.7853 lr=1.00e-03 (1.5s)
2026-09-20 15:33:31,120 INFO    kimi_isac.ml.report: epoch  19/30 train=0.5622 val=0.7766 lr=1.00e-03 (1.5s)
2026-09-20 15:33:32,496 INFO    kimi_isac.ml.report: epoch  20/30 train=0.5525 val=0.7522 lr=1.00e-03 (1.4s)
2026-09-20 15:33:33,978 INFO    kimi_isac.ml.report: epoch  21/30 train=0.5444 val=0.7562 lr=1.00e-03 (1.5s)
2026-09-20 15:33:35,333 INFO    kimi_isac.ml.report: epoch  22/30 train=0.5294 val=0.7511 lr=1.00e-03 (1.4s)
2026-09-20 15:33:36,734 INFO    kimi_isac.ml.report: epoch  23/30 train=0.5347 val=0.7506 lr=1.00e-03 (1.4s)
2026-09-20 15:33:38,168 INFO    kimi_isac.ml.report: epoch  24/30 train=0.5419 val=0.7557 lr=1.00e-03 (1.4s)
2026-09-20 15:33:39,496 INFO    kimi_isac.ml.report: epoch  25/30 train=0.5296 val=0.7581 lr=1.00e-03 (1.3s)
2026-09-20 15:33:40,792 INFO    kimi_isac.ml.report: epoch  26/30 train=0.5164 val=0.7508 lr=1.00e-03 (1.3s)
2026-09-20 15:33:42,207 INFO    kimi_isac.ml.report: epoch  27/30 train=0.5080 val=0.7435 lr=1.00e-03 (1.4s)
2026-09-20 15:33:43,645 INFO    kimi_isac.ml.report: epoch  28/30 train=0.5045 val=0.7405 lr=1.00e-03 (1.4s)
2026-09-20 15:33:45,180 INFO    kimi_isac.ml.report: epoch  29/30 train=0.5072 val=0.7626 lr=1.00e-03 (1.5s)
2026-09-20 15:33:46,656 INFO    kimi_isac.ml.report: epoch  30/30 train=0.5027 val=0.7156 lr=1.00e-03 (1.5s)
2026-09-20 15:33:47,381 INFO    kimi_isac.ml.report: === seed 1005 (6/10) ===
2026-09-20 15:33:48,846 INFO    kimi_isac.ml.report: epoch   1/30 train=1.8227 val=1.6468 lr=1.00e-03 (1.5s)
2026-09-20 15:33:50,259 INFO    kimi_isac.ml.report: epoch   2/30 train=1.6072 val=1.6042 lr=1.00e-03 (1.4s)
2026-09-20 15:33:51,688 INFO    kimi_isac.ml.report: epoch   3/30 train=1.5526 val=1.5265 lr=1.00e-03 (1.4s)
2026-09-20 15:33:53,225 INFO    kimi_isac.ml.report: epoch   4/30 train=1.4695 val=1.4592 lr=1.00e-03 (1.5s)
2026-09-20 15:33:54,621 INFO    kimi_isac.ml.report: epoch   5/30 train=1.3889 val=1.3833 lr=1.00e-03 (1.4s)
2026-09-20 15:33:55,795 INFO    kimi_isac.ml.report: epoch   6/30 train=1.3283 val=1.3305 lr=1.00e-03 (1.2s)
2026-09-20 15:33:57,208 INFO    kimi_isac.ml.report: epoch   7/30 train=1.2420 val=1.2568 lr=1.00e-03 (1.4s)
2026-09-20 15:33:58,664 INFO    kimi_isac.ml.report: epoch   8/30 train=1.1589 val=1.1712 lr=1.00e-03 (1.5s)
2026-09-20 15:33:59,892 INFO    kimi_isac.ml.report: epoch   9/30 train=1.0639 val=1.0823 lr=1.00e-03 (1.2s)
2026-09-20 15:34:01,204 INFO    kimi_isac.ml.report: epoch  10/30 train=0.9559 val=0.9932 lr=1.00e-03 (1.3s)
2026-09-20 15:34:02,525 INFO    kimi_isac.ml.report: epoch  11/30 train=0.8771 val=0.9387 lr=1.00e-03 (1.3s)
2026-09-20 15:34:03,868 INFO    kimi_isac.ml.report: epoch  12/30 train=0.7964 val=0.8736 lr=1.00e-03 (1.3s)
2026-09-20 15:34:05,060 INFO    kimi_isac.ml.report: epoch  13/30 train=0.7464 val=0.8926 lr=1.00e-03 (1.2s)
2026-09-20 15:34:06,565 INFO    kimi_isac.ml.report: epoch  14/30 train=0.6941 val=0.8283 lr=1.00e-03 (1.5s)
2026-09-20 15:34:08,112 INFO    kimi_isac.ml.report: epoch  15/30 train=0.6893 val=0.8088 lr=1.00e-03 (1.5s)
2026-09-20 15:34:09,703 INFO    kimi_isac.ml.report: epoch  16/30 train=0.6422 val=0.8000 lr=1.00e-03 (1.6s)
2026-09-20 15:34:11,200 INFO    kimi_isac.ml.report: epoch  17/30 train=0.6519 val=0.7920 lr=1.00e-03 (1.5s)
2026-09-20 15:34:12,357 INFO    kimi_isac.ml.report: epoch  18/30 train=0.6315 val=0.7517 lr=1.00e-03 (1.2s)
2026-09-20 15:34:13,789 INFO    kimi_isac.ml.report: epoch  19/30 train=0.6337 val=0.7725 lr=1.00e-03 (1.4s)
2026-09-20 15:34:15,349 INFO    kimi_isac.ml.report: epoch  20/30 train=0.6062 val=0.7452 lr=1.00e-03 (1.6s)
2026-09-20 15:34:16,890 INFO    kimi_isac.ml.report: epoch  21/30 train=0.5913 val=0.7574 lr=1.00e-03 (1.5s)
2026-09-20 15:34:18,378 INFO    kimi_isac.ml.report: epoch  22/30 train=0.5970 val=0.7457 lr=1.00e-03 (1.5s)
2026-09-20 15:34:19,599 INFO    kimi_isac.ml.report: epoch  23/30 train=0.5662 val=0.7322 lr=1.00e-03 (1.2s)
2026-09-20 15:34:20,770 INFO    kimi_isac.ml.report: epoch  24/30 train=0.5657 val=0.7435 lr=1.00e-03 (1.2s)
2026-09-20 15:34:22,163 INFO    kimi_isac.ml.report: epoch  25/30 train=0.5773 val=0.7218 lr=1.00e-03 (1.4s)
2026-09-20 15:34:23,428 INFO    kimi_isac.ml.report: epoch  26/30 train=0.5452 val=0.7184 lr=1.00e-03 (1.3s)
2026-09-20 15:34:24,770 INFO    kimi_isac.ml.report: epoch  27/30 train=0.5389 val=0.7648 lr=1.00e-03 (1.3s)
2026-09-20 15:34:26,201 INFO    kimi_isac.ml.report: epoch  28/30 train=0.5388 val=0.6934 lr=1.00e-03 (1.4s)
2026-09-20 15:34:27,400 INFO    kimi_isac.ml.report: epoch  29/30 train=0.5517 val=0.7196 lr=1.00e-03 (1.2s)
2026-09-20 15:34:28,580 INFO    kimi_isac.ml.report: epoch  30/30 train=0.5486 val=0.7036 lr=1.00e-03 (1.2s)
2026-09-20 15:34:29,235 INFO    kimi_isac.ml.report: === seed 1006 (7/10) ===
2026-09-20 15:34:30,429 INFO    kimi_isac.ml.report: epoch   1/30 train=1.9002 val=1.6828 lr=1.00e-03 (1.2s)
2026-09-20 15:34:31,752 INFO    kimi_isac.ml.report: epoch   2/30 train=1.6004 val=1.5397 lr=1.00e-03 (1.3s)
2026-09-20 15:34:33,059 INFO    kimi_isac.ml.report: epoch   3/30 train=1.4465 val=1.4578 lr=1.00e-03 (1.3s)
2026-09-20 15:34:34,249 INFO    kimi_isac.ml.report: epoch   4/30 train=1.3336 val=1.4106 lr=1.00e-03 (1.2s)
2026-09-20 15:34:35,403 INFO    kimi_isac.ml.report: epoch   5/30 train=1.2629 val=1.3322 lr=1.00e-03 (1.2s)
2026-09-20 15:34:36,487 INFO    kimi_isac.ml.report: epoch   6/30 train=1.1483 val=1.2290 lr=1.00e-03 (1.1s)
2026-09-20 15:34:37,699 INFO    kimi_isac.ml.report: epoch   7/30 train=1.0394 val=1.1332 lr=1.00e-03 (1.2s)
2026-09-20 15:34:38,935 INFO    kimi_isac.ml.report: epoch   8/30 train=0.9170 val=1.0352 lr=1.00e-03 (1.2s)
2026-09-20 15:34:40,362 INFO    kimi_isac.ml.report: epoch   9/30 train=0.8229 val=0.9674 lr=1.00e-03 (1.4s)
2026-09-20 15:34:41,727 INFO    kimi_isac.ml.report: epoch  10/30 train=0.7488 val=0.8936 lr=1.00e-03 (1.4s)
2026-09-20 15:34:42,946 INFO    kimi_isac.ml.report: epoch  11/30 train=0.6869 val=0.8485 lr=1.00e-03 (1.2s)
2026-09-20 15:34:44,296 INFO    kimi_isac.ml.report: epoch  12/30 train=0.6418 val=0.8057 lr=1.00e-03 (1.3s)
2026-09-20 15:34:45,628 INFO    kimi_isac.ml.report: epoch  13/30 train=0.6189 val=0.7919 lr=1.00e-03 (1.3s)
2026-09-20 15:34:46,979 INFO    kimi_isac.ml.report: epoch  14/30 train=0.6042 val=0.7701 lr=1.00e-03 (1.4s)
2026-09-20 15:34:48,277 INFO    kimi_isac.ml.report: epoch  15/30 train=0.5790 val=0.7403 lr=1.00e-03 (1.3s)
2026-09-20 15:34:49,551 INFO    kimi_isac.ml.report: epoch  16/30 train=0.5620 val=0.7247 lr=1.00e-03 (1.3s)
2026-09-20 15:34:50,999 INFO    kimi_isac.ml.report: epoch  17/30 train=0.5433 val=0.7272 lr=1.00e-03 (1.4s)
2026-09-20 15:34:52,368 INFO    kimi_isac.ml.report: epoch  18/30 train=0.5342 val=0.7321 lr=1.00e-03 (1.4s)
2026-09-20 15:34:53,663 INFO    kimi_isac.ml.report: epoch  19/30 train=0.5246 val=0.7019 lr=1.00e-03 (1.3s)
2026-09-20 15:34:55,029 INFO    kimi_isac.ml.report: epoch  20/30 train=0.5172 val=0.6908 lr=1.00e-03 (1.4s)
2026-09-20 15:34:56,580 INFO    kimi_isac.ml.report: epoch  21/30 train=0.5245 val=0.7053 lr=1.00e-03 (1.6s)
2026-09-20 15:34:57,905 INFO    kimi_isac.ml.report: epoch  22/30 train=0.5128 val=0.6753 lr=1.00e-03 (1.3s)
2026-09-20 15:34:59,363 INFO    kimi_isac.ml.report: epoch  23/30 train=0.5082 val=0.6822 lr=1.00e-03 (1.5s)
2026-09-20 15:35:00,774 INFO    kimi_isac.ml.report: epoch  24/30 train=0.4974 val=0.7007 lr=1.00e-03 (1.4s)
2026-09-20 15:35:02,088 INFO    kimi_isac.ml.report: epoch  25/30 train=0.4847 val=0.6753 lr=1.00e-03 (1.3s)
2026-09-20 15:35:03,357 INFO    kimi_isac.ml.report: epoch  26/30 train=0.4923 val=0.6816 lr=1.00e-04 (1.3s)
2026-09-20 15:35:04,630 INFO    kimi_isac.ml.report: epoch  27/30 train=0.4754 val=0.6680 lr=1.00e-04 (1.3s)
2026-09-20 15:35:06,098 INFO    kimi_isac.ml.report: epoch  28/30 train=0.4716 val=0.6647 lr=1.00e-04 (1.5s)
2026-09-20 15:35:07,354 INFO    kimi_isac.ml.report: epoch  29/30 train=0.4714 val=0.6633 lr=1.00e-04 (1.3s)
2026-09-20 15:35:08,734 INFO    kimi_isac.ml.report: epoch  30/30 train=0.4693 val=0.6668 lr=1.00e-04 (1.4s)
2026-09-20 15:35:09,388 INFO    kimi_isac.ml.report: === seed 1007 (8/10) ===
2026-09-20 15:35:10,817 INFO    kimi_isac.ml.report: epoch   1/30 train=1.8210 val=1.6533 lr=1.00e-03 (1.4s)
2026-09-20 15:35:12,376 INFO    kimi_isac.ml.report: epoch   2/30 train=1.5877 val=1.5309 lr=1.00e-03 (1.6s)
2026-09-20 15:35:13,781 INFO    kimi_isac.ml.report: epoch   3/30 train=1.5123 val=1.4211 lr=1.00e-03 (1.4s)
2026-09-20 15:35:15,286 INFO    kimi_isac.ml.report: epoch   4/30 train=1.4213 val=1.3480 lr=1.00e-03 (1.5s)
2026-09-20 15:35:16,737 INFO    kimi_isac.ml.report: epoch   5/30 train=1.3438 val=1.2868 lr=1.00e-03 (1.5s)
2026-09-20 15:35:18,078 INFO    kimi_isac.ml.report: epoch   6/30 train=1.2697 val=1.1877 lr=1.00e-03 (1.3s)
2026-09-20 15:35:19,440 INFO    kimi_isac.ml.report: epoch   7/30 train=1.1812 val=1.0592 lr=1.00e-03 (1.4s)
2026-09-20 15:35:20,745 INFO    kimi_isac.ml.report: epoch   8/30 train=1.0665 val=0.9549 lr=1.00e-03 (1.3s)
2026-09-20 15:35:22,181 INFO    kimi_isac.ml.report: epoch   9/30 train=0.9432 val=0.8455 lr=1.00e-03 (1.4s)
2026-09-20 15:35:23,478 INFO    kimi_isac.ml.report: epoch  10/30 train=0.8410 val=0.7683 lr=1.00e-03 (1.3s)
2026-09-20 15:35:24,885 INFO    kimi_isac.ml.report: epoch  11/30 train=0.7914 val=0.7110 lr=1.00e-03 (1.4s)
2026-09-20 15:35:26,361 INFO    kimi_isac.ml.report: epoch  12/30 train=0.7193 val=0.6622 lr=1.00e-03 (1.5s)
2026-09-20 15:35:27,737 INFO    kimi_isac.ml.report: epoch  13/30 train=0.6827 val=0.6415 lr=1.00e-03 (1.4s)
2026-09-20 15:35:29,121 INFO    kimi_isac.ml.report: epoch  14/30 train=0.6610 val=0.6026 lr=1.00e-03 (1.4s)
2026-09-20 15:35:30,510 INFO    kimi_isac.ml.report: epoch  15/30 train=0.6311 val=0.6014 lr=1.00e-03 (1.4s)
2026-09-20 15:35:31,971 INFO    kimi_isac.ml.report: epoch  16/30 train=0.6192 val=0.5758 lr=1.00e-03 (1.5s)
2026-09-20 15:35:33,584 INFO    kimi_isac.ml.report: epoch  17/30 train=0.6064 val=0.5793 lr=1.00e-03 (1.6s)
2026-09-20 15:35:34,985 INFO    kimi_isac.ml.report: epoch  18/30 train=0.5851 val=0.5677 lr=1.00e-03 (1.4s)
2026-09-20 15:35:36,306 INFO    kimi_isac.ml.report: epoch  19/30 train=0.5706 val=0.5503 lr=1.00e-03 (1.3s)
2026-09-20 15:35:37,629 INFO    kimi_isac.ml.report: epoch  20/30 train=0.5726 val=0.5439 lr=1.00e-03 (1.3s)
2026-09-20 15:35:38,940 INFO    kimi_isac.ml.report: epoch  21/30 train=0.5610 val=0.5449 lr=1.00e-03 (1.3s)
2026-09-20 15:35:40,260 INFO    kimi_isac.ml.report: epoch  22/30 train=0.5613 val=0.5355 lr=1.00e-03 (1.3s)
2026-09-20 15:35:41,552 INFO    kimi_isac.ml.report: epoch  23/30 train=0.5359 val=0.5348 lr=1.00e-03 (1.3s)
2026-09-20 15:35:42,952 INFO    kimi_isac.ml.report: epoch  24/30 train=0.5477 val=0.5258 lr=1.00e-03 (1.4s)
2026-09-20 15:35:44,473 INFO    kimi_isac.ml.report: epoch  25/30 train=0.5459 val=0.5233 lr=1.00e-03 (1.5s)
2026-09-20 15:35:45,962 INFO    kimi_isac.ml.report: epoch  26/30 train=0.5162 val=0.5494 lr=1.00e-03 (1.5s)
2026-09-20 15:35:47,354 INFO    kimi_isac.ml.report: epoch  27/30 train=0.5426 val=0.5295 lr=1.00e-03 (1.4s)
2026-09-20 15:35:48,860 INFO    kimi_isac.ml.report: epoch  28/30 train=0.5215 val=0.5323 lr=1.00e-03 (1.5s)
2026-09-20 15:35:50,236 INFO    kimi_isac.ml.report: epoch  29/30 train=0.5173 val=0.5314 lr=1.00e-04 (1.4s)
2026-09-20 15:35:51,486 INFO    kimi_isac.ml.report: epoch  30/30 train=0.5154 val=0.5217 lr=1.00e-04 (1.2s)
2026-09-20 15:35:52,128 INFO    kimi_isac.ml.report: === seed 1008 (9/10) ===
2026-09-20 15:35:53,314 INFO    kimi_isac.ml.report: epoch   1/30 train=1.8332 val=1.6563 lr=1.00e-03 (1.2s)
2026-09-20 15:35:54,764 INFO    kimi_isac.ml.report: epoch   2/30 train=1.5576 val=1.5448 lr=1.00e-03 (1.4s)
2026-09-20 15:35:56,342 INFO    kimi_isac.ml.report: epoch   3/30 train=1.4488 val=1.5467 lr=1.00e-03 (1.6s)
2026-09-20 15:35:57,500 INFO    kimi_isac.ml.report: epoch   4/30 train=1.3795 val=1.4235 lr=1.00e-03 (1.2s)
2026-09-20 15:35:58,973 INFO    kimi_isac.ml.report: epoch   5/30 train=1.2990 val=1.3602 lr=1.00e-03 (1.5s)
2026-09-20 15:36:00,403 INFO    kimi_isac.ml.report: epoch   6/30 train=1.2327 val=1.2630 lr=1.00e-03 (1.4s)
2026-09-20 15:36:01,529 INFO    kimi_isac.ml.report: epoch   7/30 train=1.1406 val=1.1869 lr=1.00e-03 (1.1s)
2026-09-20 15:36:03,081 INFO    kimi_isac.ml.report: epoch   8/30 train=1.0495 val=1.0807 lr=1.00e-03 (1.6s)
2026-09-20 15:36:04,284 INFO    kimi_isac.ml.report: epoch   9/30 train=0.9303 val=0.9620 lr=1.00e-03 (1.2s)
2026-09-20 15:36:05,570 INFO    kimi_isac.ml.report: epoch  10/30 train=0.8605 val=0.8829 lr=1.00e-03 (1.3s)
2026-09-20 15:36:06,983 INFO    kimi_isac.ml.report: epoch  11/30 train=0.7774 val=0.8239 lr=1.00e-03 (1.4s)
2026-09-20 15:36:08,491 INFO    kimi_isac.ml.report: epoch  12/30 train=0.7408 val=0.7685 lr=1.00e-03 (1.5s)
2026-09-20 15:36:09,888 INFO    kimi_isac.ml.report: epoch  13/30 train=0.7057 val=0.7563 lr=1.00e-03 (1.4s)
2026-09-20 15:36:11,447 INFO    kimi_isac.ml.report: epoch  14/30 train=0.6581 val=0.7063 lr=1.00e-03 (1.6s)
2026-09-20 15:36:12,756 INFO    kimi_isac.ml.report: epoch  15/30 train=0.6398 val=0.6973 lr=1.00e-03 (1.3s)
2026-09-20 15:36:14,075 INFO    kimi_isac.ml.report: epoch  16/30 train=0.6292 val=0.7176 lr=1.00e-03 (1.3s)
2026-09-20 15:36:15,245 INFO    kimi_isac.ml.report: epoch  17/30 train=0.6133 val=0.6761 lr=1.00e-03 (1.2s)
2026-09-20 15:36:16,796 INFO    kimi_isac.ml.report: epoch  18/30 train=0.5980 val=0.6701 lr=1.00e-03 (1.6s)
2026-09-20 15:36:18,385 INFO    kimi_isac.ml.report: epoch  19/30 train=0.5964 val=0.6452 lr=1.00e-03 (1.6s)
2026-09-20 15:36:19,743 INFO    kimi_isac.ml.report: epoch  20/30 train=0.5948 val=0.7400 lr=1.00e-03 (1.4s)
2026-09-20 15:36:20,930 INFO    kimi_isac.ml.report: epoch  21/30 train=0.6039 val=0.6589 lr=1.00e-03 (1.2s)
2026-09-20 15:36:22,237 INFO    kimi_isac.ml.report: epoch  22/30 train=0.5785 val=0.6497 lr=1.00e-03 (1.3s)
2026-09-20 15:36:23,716 INFO    kimi_isac.ml.report: epoch  23/30 train=0.5687 val=0.6351 lr=1.00e-03 (1.5s)
2026-09-20 15:36:24,913 INFO    kimi_isac.ml.report: epoch  24/30 train=0.5522 val=0.6268 lr=1.00e-03 (1.2s)
2026-09-20 15:36:26,397 INFO    kimi_isac.ml.report: epoch  25/30 train=0.5460 val=0.6370 lr=1.00e-03 (1.5s)
2026-09-20 15:36:27,651 INFO    kimi_isac.ml.report: epoch  26/30 train=0.5451 val=0.6333 lr=1.00e-03 (1.3s)
2026-09-20 15:36:29,088 INFO    kimi_isac.ml.report: epoch  27/30 train=0.5516 val=0.6392 lr=1.00e-03 (1.4s)
2026-09-20 15:36:30,261 INFO    kimi_isac.ml.report: epoch  28/30 train=0.5449 val=0.6345 lr=1.00e-04 (1.2s)
2026-09-20 15:36:31,521 INFO    kimi_isac.ml.report: epoch  29/30 train=0.5228 val=0.6286 lr=1.00e-04 (1.3s)
2026-09-20 15:36:32,944 INFO    kimi_isac.ml.report: epoch  30/30 train=0.5119 val=0.6294 lr=1.00e-04 (1.4s)
2026-09-20 15:36:32,944 INFO    kimi_isac.ml.report: early stop at epoch 30 (best 24)
2026-09-20 15:36:33,573 INFO    kimi_isac.ml.report: === seed 1009 (10/10) ===
2026-09-20 15:36:34,789 INFO    kimi_isac.ml.report: epoch   1/30 train=1.8996 val=1.6329 lr=1.00e-03 (1.2s)
2026-09-20 15:36:36,239 INFO    kimi_isac.ml.report: epoch   2/30 train=1.6802 val=1.4490 lr=1.00e-03 (1.4s)
2026-09-20 15:36:37,608 INFO    kimi_isac.ml.report: epoch   3/30 train=1.5958 val=1.3309 lr=1.00e-03 (1.4s)
2026-09-20 15:36:38,918 INFO    kimi_isac.ml.report: epoch   4/30 train=1.5006 val=1.3044 lr=1.00e-03 (1.3s)
2026-09-20 15:36:40,246 INFO    kimi_isac.ml.report: epoch   5/30 train=1.4213 val=1.2252 lr=1.00e-03 (1.3s)
2026-09-20 15:36:41,483 INFO    kimi_isac.ml.report: epoch   6/30 train=1.3553 val=1.1444 lr=1.00e-03 (1.2s)
2026-09-20 15:36:42,950 INFO    kimi_isac.ml.report: epoch   7/30 train=1.2540 val=1.0798 lr=1.00e-03 (1.5s)
2026-09-20 15:36:44,443 INFO    kimi_isac.ml.report: epoch   8/30 train=1.1873 val=0.9625 lr=1.00e-03 (1.5s)
2026-09-20 15:36:45,667 INFO    kimi_isac.ml.report: epoch   9/30 train=1.0635 val=0.8870 lr=1.00e-03 (1.2s)
2026-09-20 15:36:47,031 INFO    kimi_isac.ml.report: epoch  10/30 train=0.9965 val=0.8093 lr=1.00e-03 (1.4s)
2026-09-20 15:36:48,377 INFO    kimi_isac.ml.report: epoch  11/30 train=0.9115 val=0.7330 lr=1.00e-03 (1.3s)
2026-09-20 15:36:49,493 INFO    kimi_isac.ml.report: epoch  12/30 train=0.8638 val=0.6859 lr=1.00e-03 (1.1s)
2026-09-20 15:36:50,540 INFO    kimi_isac.ml.report: epoch  13/30 train=0.8007 val=0.6673 lr=1.00e-03 (1.0s)
2026-09-20 15:36:51,807 INFO    kimi_isac.ml.report: epoch  14/30 train=0.7697 val=0.6208 lr=1.00e-03 (1.3s)
2026-09-20 15:36:52,865 INFO    kimi_isac.ml.report: epoch  15/30 train=0.7414 val=0.6008 lr=1.00e-03 (1.1s)
2026-09-20 15:36:54,014 INFO    kimi_isac.ml.report: epoch  16/30 train=0.7306 val=0.6089 lr=1.00e-03 (1.1s)
2026-09-20 15:36:55,401 INFO    kimi_isac.ml.report: epoch  17/30 train=0.7260 val=0.5903 lr=1.00e-03 (1.4s)
2026-09-20 15:36:56,514 INFO    kimi_isac.ml.report: epoch  18/30 train=0.7278 val=0.5902 lr=1.00e-03 (1.1s)
2026-09-20 15:36:57,801 INFO    kimi_isac.ml.report: epoch  19/30 train=0.7118 val=0.5653 lr=1.00e-03 (1.3s)
2026-09-20 15:36:58,909 INFO    kimi_isac.ml.report: epoch  20/30 train=0.7021 val=0.5607 lr=1.00e-03 (1.1s)
2026-09-20 15:37:00,078 INFO    kimi_isac.ml.report: epoch  21/30 train=0.6952 val=0.5743 lr=1.00e-03 (1.2s)
2026-09-20 15:37:01,206 INFO    kimi_isac.ml.report: epoch  22/30 train=0.6855 val=0.5654 lr=1.00e-03 (1.1s)
2026-09-20 15:37:02,698 INFO    kimi_isac.ml.report: epoch  23/30 train=0.6876 val=0.5419 lr=1.00e-03 (1.5s)
2026-09-20 15:37:04,083 INFO    kimi_isac.ml.report: epoch  24/30 train=0.6744 val=0.5536 lr=1.00e-03 (1.4s)
2026-09-20 15:37:05,395 INFO    kimi_isac.ml.report: epoch  25/30 train=0.6612 val=0.5562 lr=1.00e-03 (1.3s)
2026-09-20 15:37:06,685 INFO    kimi_isac.ml.report: epoch  26/30 train=0.6608 val=0.5426 lr=1.00e-03 (1.3s)
2026-09-20 15:37:08,005 INFO    kimi_isac.ml.report: epoch  27/30 train=0.6588 val=0.5290 lr=1.00e-03 (1.3s)
2026-09-20 15:37:09,269 INFO    kimi_isac.ml.report: epoch  28/30 train=0.6411 val=0.5285 lr=1.00e-03 (1.3s)
2026-09-20 15:37:10,570 INFO    kimi_isac.ml.report: epoch  29/30 train=0.6433 val=0.5158 lr=1.00e-03 (1.3s)
2026-09-20 15:37:12,178 INFO    kimi_isac.ml.report: epoch  30/30 train=0.6413 val=0.5001 lr=1.00e-03 (1.6s)
2026-09-20 15:37:12,817 INFO    kimi_isac.ml.report: test_snr6_detect_acc         0.9931 +/- 0.00857 (95% CI, n=10)
2026-09-20 15:37:12,817 INFO    kimi_isac.ml.report: test_snr6_classical_detect_acc 0.9501 +/- 0.0329 (95% CI, n=10)
2026-09-20 15:37:12,817 INFO    kimi_isac.ml.report: test_snr6_ml_range_rmse_m    30.49 +/- 5.01 (95% CI, n=10)
2026-09-20 15:37:12,817 INFO    kimi_isac.ml.report: test_snr6_classical_range_rmse_m 2.763 +/- 0.193 (95% CI, n=10)
2026-09-20 15:37:12,817 INFO    kimi_isac.ml.report: test_snr6_ml_vel_rmse_mps    8.831 +/- 1.32 (95% CI, n=10)
2026-09-20 15:37:12,817 INFO    kimi_isac.ml.report: test_snr6_classical_vel_rmse_mps 1.425 +/- 0.0904 (95% CI, n=10)
2026-09-20 15:37:12,817 INFO    kimi_isac.ml.report: test_snr6_class_acc          0.9204 +/- 0.0493 (95% CI, n=10)
2026-09-20 15:37:12,817 INFO    kimi_isac.ml.report: test_snr1_detect_acc         0.9804 +/- 0.0165 (95% CI, n=10)
2026-09-20 15:37:12,817 INFO    kimi_isac.ml.report: test_snr1_classical_detect_acc 0.9716 +/- 0.0238 (95% CI, n=10)
2026-09-20 15:37:12,817 INFO    kimi_isac.ml.report: test_snr1_ml_range_rmse_m    33.25 +/- 2.28 (95% CI, n=10)
2026-09-20 15:37:12,817 INFO    kimi_isac.ml.report: test_snr1_classical_range_rmse_m 2.634 +/- 0.195 (95% CI, n=10)
2026-09-20 15:37:12,817 INFO    kimi_isac.ml.report: test_snr1_ml_vel_rmse_mps    7.841 +/- 1.15 (95% CI, n=10)
2026-09-20 15:37:12,817 INFO    kimi_isac.ml.report: test_snr1_classical_vel_rmse_mps 1.241 +/- 0.0928 (95% CI, n=10)
2026-09-20 15:37:12,817 INFO    kimi_isac.ml.report: test_snr1_class_acc          0.8894 +/- 0.0533 (95% CI, n=10)
2026-09-20 15:37:12,817 INFO    kimi_isac.ml.report: test_snr0.25_detect_acc      0.9936 +/- 0.00791 (95% CI, n=10)
2026-09-20 15:37:12,817 INFO    kimi_isac.ml.report: test_snr0.25_classical_detect_acc 0.9655 +/- 0.0202 (95% CI, n=10)
2026-09-20 15:37:12,817 INFO    kimi_isac.ml.report: test_snr0.25_ml_range_rmse_m 34.52 +/- 4.5 (95% CI, n=10)
2026-09-20 15:37:12,817 INFO    kimi_isac.ml.report: test_snr0.25_classical_range_rmse_m 2.898 +/- 0.183 (95% CI, n=10)
2026-09-20 15:37:12,817 INFO    kimi_isac.ml.report: test_snr0.25_ml_vel_rmse_mps 7.891 +/- 1.09 (95% CI, n=10)
2026-09-20 15:37:12,817 INFO    kimi_isac.ml.report: test_snr0.25_classical_vel_rmse_mps 1.311 +/- 0.105 (95% CI, n=10)
2026-09-20 15:37:12,817 INFO    kimi_isac.ml.report: test_snr0.25_class_acc       0.8424 +/- 0.0644 (95% CI, n=10)
2026-09-20 15:37:12,817 INFO    kimi_isac.ml.report: ood_snr6_detect_acc          0.4944 +/- 0.0685 (95% CI, n=10)
2026-09-20 15:37:12,817 INFO    kimi_isac.ml.report: ood_snr6_classical_detect_acc 0.9531 +/- 0.0384 (95% CI, n=10)
2026-09-20 15:37:12,817 INFO    kimi_isac.ml.report: ood_snr6_ml_range_rmse_m     236.7 +/- 52.9 (95% CI, n=10)
2026-09-20 15:37:12,817 INFO    kimi_isac.ml.report: ood_snr6_classical_range_rmse_m 2.725 +/- 0.291 (95% CI, n=10)
2026-09-20 15:37:12,817 INFO    kimi_isac.ml.report: ood_snr6_ml_vel_rmse_mps     60.66 +/- 7.88 (95% CI, n=10)
2026-09-20 15:37:12,817 INFO    kimi_isac.ml.report: ood_snr6_classical_vel_rmse_mps 1.244 +/- 0.0977 (95% CI, n=10)
2026-09-20 15:37:12,817 INFO    kimi_isac.ml.report: ood_snr6_class_acc           0.3359 +/- 0.113 (95% CI, n=10)
2026-09-20 15:37:12,818 INFO    kimi_isac.ml.report: ood_snr1_detect_acc          0.4951 +/- 0.06 (95% CI, n=10)
2026-09-20 15:37:12,818 INFO    kimi_isac.ml.report: ood_snr1_classical_detect_acc 0.9665 +/- 0.033 (95% CI, n=10)
2026-09-20 15:37:12,818 INFO    kimi_isac.ml.report: ood_snr1_ml_range_rmse_m     198.2 +/- 22.5 (95% CI, n=10)
2026-09-20 15:37:12,818 INFO    kimi_isac.ml.report: ood_snr1_classical_range_rmse_m 2.653 +/- 0.216 (95% CI, n=10)
2026-09-20 15:37:12,818 INFO    kimi_isac.ml.report: ood_snr1_ml_vel_rmse_mps     60.1 +/- 6.35 (95% CI, n=10)
2026-09-20 15:37:12,818 INFO    kimi_isac.ml.report: ood_snr1_classical_vel_rmse_mps 1.356 +/- 0.104 (95% CI, n=10)
2026-09-20 15:37:12,818 INFO    kimi_isac.ml.report: ood_snr1_class_acc           0.3242 +/- 0.149 (95% CI, n=10)
2026-09-20 15:37:12,818 INFO    kimi_isac.ml.report: ood_snr0.25_detect_acc       0.5703 +/- 0.0693 (95% CI, n=10)
2026-09-20 15:37:12,818 INFO    kimi_isac.ml.report: ood_snr0.25_classical_detect_acc 0.9375 +/- 0.0375 (95% CI, n=10)
2026-09-20 15:37:12,818 INFO    kimi_isac.ml.report: ood_snr0.25_ml_range_rmse_m  219.2 +/- 34 (95% CI, n=10)
2026-09-20 15:37:12,818 INFO    kimi_isac.ml.report: ood_snr0.25_classical_range_rmse_m 2.701 +/- 0.254 (95% CI, n=10)
2026-09-20 15:37:12,818 INFO    kimi_isac.ml.report: ood_snr0.25_ml_vel_rmse_mps  59.37 +/- 6.16 (95% CI, n=10)
2026-09-20 15:37:12,818 INFO    kimi_isac.ml.report: ood_snr0.25_classical_vel_rmse_mps 1.324 +/- 0.128 (95% CI, n=10)
2026-09-20 15:37:12,818 INFO    kimi_isac.ml.report: ood_snr0.25_class_acc        0.2905 +/- 0.143 (95% CI, n=10)
2026-09-20 15:37:12,818 INFO    kimi_isac.ml.report: seed                         1004 +/- 1.8 (95% CI, n=10)
